// Jest Snapshot v1, https://goo.gl/fbAQLP

exports[`Play with Child Components shallow mount component 1`] = `
<div>
  <ul>
    <li> Iron Man </li>
    <li> Avengers </li>
    <li> Infitinity War </li>
  </ul>
</div>
`;
